#
# There is insufficient memory for the Java Runtime Environment to continue.
# Native memory allocation (malloc) failed to allocate 1048576 bytes. Error detail: AllocateHeap
# Possible reasons:
#   The system is out of physical RAM or swap space
#   This process is running with CompressedOops enabled, and the Java Heap may be blocking the growth of the native heap
# Possible solutions:
#   Reduce memory load on the system
#   Increase physical memory or swap space
#   Check if swap backing store is full
#   Decrease Java heap size (-Xmx/-Xms)
#   Decrease number of Java threads
#   Decrease Java thread stack sizes (-Xss)
#   Set larger code cache with -XX:ReservedCodeCacheSize=
#   JVM is running with Unscaled Compressed Oops mode in which the Java heap is
#     placed in the first 4GB address space. The Java Heap base address is the
#     maximum limit for the native heap growth. Please use -XX:HeapBaseMinAddress
#     to set the Java Heap base and to place the Java Heap above 4GB virtual address.
# This output file may be truncated or incomplete.
#
#  Out of Memory Error (allocation.cpp:44), pid=12048, tid=11368
#
# JRE version: OpenJDK Runtime Environment Temurin-21.0.9+10 (21.0.9+10) (build 21.0.9+10-LTS)
# Java VM: OpenJDK 64-Bit Server VM Temurin-21.0.9+10 (21.0.9+10-LTS, mixed mode, sharing, tiered, compressed oops, compressed class ptrs, parallel gc, windows-amd64)
# No core dump will be written. Minidumps are not enabled by default on client versions of Windows
#

---------------  S U M M A R Y ------------

Command Line: --add-modules=ALL-SYSTEM --add-opens=java.base/java.util=ALL-UNNAMED --add-opens=java.base/java.lang=ALL-UNNAMED --add-opens=java.base/sun.nio.fs=ALL-UNNAMED -Declipse.application=org.eclipse.jdt.ls.core.id1 -Dosgi.bundles.defaultStartLevel=4 -Declipse.product=org.eclipse.jdt.ls.core.product -Djava.import.generatesMetadataFilesAtProjectRoot=false -DDetectVMInstallationsJob.disabled=true -Dfile.encoding=utf8 -XX:+UseParallelGC -XX:GCTimeRatio=4 -XX:AdaptiveSizePolicyWeight=90 -Dsun.zip.disableMemoryMapping=true -Xmx2G -Xms100m -Xlog:disable -javaagent:c:\Users\Admin\.antigravity\extensions\redhat.java-1.51.0-win32-x64\lombok\lombok-1.18.39-4050.jar -XX:+HeapDumpOnOutOfMemoryError -XX:HeapDumpPath=c:\Users\Admin\AppData\Roaming\Antigravity\User\workspaceStorage\91f26d696c089fbc9769bfbc123f3ec7\redhat.java -Daether.dependencyCollector.impl=bf c:\Users\Admin\.antigravity\extensions\redhat.java-1.51.0-win32-x64\server\plugins\org.eclipse.equinox.launcher_1.7.100.v20251111-0406.jar -configuration c:\Users\Admin\AppData\Roaming\Antigravity\User\globalStorage\redhat.java\1.51.0\config_win -data c:\Users\Admin\AppData\Roaming\Antigravity\User\workspaceStorage\91f26d696c089fbc9769bfbc123f3ec7\redhat.java\jdt_ws --pipe=\\.\pipe\lsp-4afa23bd4d7dda099f11578512ff67ca-sock

Host: Intel(R) Core(TM) i5-9400F CPU @ 2.90GHz, 6 cores, 15G,  Windows 11 , 64 bit Build 28000 (10.0.28000.1199)
Time: Thu Jan 29 21:54:39 2026 SE Asia Standard Time elapsed time: 29311.072084 seconds (0d 8h 8m 31s)

---------------  T H R E A D  ---------------

Current thread (0x000000faf05575a0):  JavaThread "Attach Listener" daemon [_thread_in_vm, id=11368, stack(0x000000faf0ae0000,0x000000faf0be0000) (1024K)]

Stack: [0x000000faf0ae0000,0x000000faf0be0000]
Native frames: (J=compiled Java code, j=interpreted, Vv=VM code, C=native code)
V  [jvm.dll+0x6d6e29]
V  [jvm.dll+0x8b4b76]
V  [jvm.dll+0x8b712e]
V  [jvm.dll+0x8b7813]
V  [jvm.dll+0x283d86]
V  [jvm.dll+0xc1277]
V  [jvm.dll+0x6d76d9]
V  [jvm.dll+0x133466]
V  [jvm.dll+0x3f7ea6]
V  [jvm.dll+0x85e9ad]
V  [jvm.dll+0x6d565d]
C  [ucrtbase.dll+0x27930]
C  [KERNEL32.DLL+0x35c07]
C  [ntdll.dll+0x79cc0]


---------------  P R O C E S S  ---------------

Threads class SMR info:
_java_thread_list=0x000000fafd3cc310, length=33, elements={
0x000000fadc57d2f0, 0x000000faf05551b0, 0x000000faf0555d00, 0x000000faf0556950,
0x000000faf05575a0, 0x000000faf055c010, 0x000000faf055ee70, 0x000000faf055fca0,
0x000000faf05dc000, 0x000000faf51aedf0, 0x000000faf52db070, 0x000000faf5998a50,
0x000000faf5d41b20, 0x000000faf5d25970, 0x000000faf5cf0830, 0x000000faf6ef38a0,
0x000000faf6a29cf0, 0x000000faf6d958e0, 0x000000faf6c42020, 0x000000faf6fae9a0,
0x000000faf6facf60, 0x000000faf6fae310, 0x000000faf6faf030, 0x000000faf9571ad0,
0x000000faf95727f0, 0x000000faf9571440, 0x000000faf9572e80, 0x000000faf9572160,
0x000000faf95748c0, 0x000000faf9574f50, 0x000000faf95776b0, 0x000000faf9b69a30,
0x000000faf9b6ade0
}

Java Threads: ( => current thread )
  0x000000fadc57d2f0 JavaThread "main"                              [_thread_blocked, id=9816, stack(0x000000fadc440000,0x000000fadc540000) (1024K)]
  0x000000faf05551b0 JavaThread "Reference Handler"          daemon [_thread_blocked, id=14284, stack(0x000000faf07e0000,0x000000faf08e0000) (1024K)]
  0x000000faf0555d00 JavaThread "Finalizer"                  daemon [_thread_blocked, id=4652, stack(0x000000faf08e0000,0x000000faf09e0000) (1024K)]
  0x000000faf0556950 JavaThread "Signal Dispatcher"          daemon [_thread_blocked, id=8984, stack(0x000000faf09e0000,0x000000faf0ae0000) (1024K)]
=>0x000000faf05575a0 JavaThread "Attach Listener"            daemon [_thread_in_vm, id=11368, stack(0x000000faf0ae0000,0x000000faf0be0000) (1024K)]
  0x000000faf055c010 JavaThread "Service Thread"             daemon [_thread_blocked, id=15068, stack(0x000000faf0be0000,0x000000faf0ce0000) (1024K)]
  0x000000faf055ee70 JavaThread "Monitor Deflation Thread"   daemon [_thread_blocked, id=10444, stack(0x000000faf0ce0000,0x000000faf0de0000) (1024K)]
  0x000000faf055fca0 JavaThread "C2 CompilerThread0"         daemon [_thread_blocked, id=9596, stack(0x000000faf0de0000,0x000000faf0ee0000) (1024K)]
  0x000000faf05dc000 JavaThread "C1 CompilerThread0"         daemon [_thread_blocked, id=12052, stack(0x000000faf0ee0000,0x000000faf0fe0000) (1024K)]
  0x000000faf51aedf0 JavaThread "Common-Cleaner"             daemon [_thread_blocked, id=552, stack(0x000000faf5400000,0x000000faf5500000) (1024K)]
  0x000000faf52db070 JavaThread "Notification Thread"        daemon [_thread_blocked, id=14396, stack(0x000000faf5500000,0x000000faf5600000) (1024K)]
  0x000000faf5998a50 JavaThread "Active Thread: Equinox Container: 40948462-faaf-4147-858c-8424f47172e8"        [_thread_blocked, id=11876, stack(0x000000faf6400000,0x000000faf6500000) (1024K)]
  0x000000faf5d41b20 JavaThread "Refresh Thread: Equinox Container: 40948462-faaf-4147-858c-8424f47172e8" daemon [_thread_blocked, id=4500, stack(0x000000faf6500000,0x000000faf6600000) (1024K)]
  0x000000faf5d25970 JavaThread "Framework Event Dispatcher: Equinox Container: 40948462-faaf-4147-858c-8424f47172e8" daemon [_thread_blocked, id=16536, stack(0x000000faf6600000,0x000000faf6700000) (1024K)]
  0x000000faf5cf0830 JavaThread "Start Level: Equinox Container: 40948462-faaf-4147-858c-8424f47172e8" daemon [_thread_blocked, id=15760, stack(0x000000faf6700000,0x000000faf6800000) (1024K)]
  0x000000faf6ef38a0 JavaThread "Bundle File Closer"         daemon [_thread_blocked, id=1968, stack(0x000000faf77d0000,0x000000faf78d0000) (1024K)]
  0x000000faf6a29cf0 JavaThread "SCR Component Actor"        daemon [_thread_blocked, id=1856, stack(0x000000faf78d0000,0x000000faf79d0000) (1024K)]
  0x000000faf6d958e0 JavaThread "Worker-JM"                         [_thread_blocked, id=5332, stack(0x000000faf79d0000,0x000000faf7ad0000) (1024K)]
  0x000000faf6c42020 JavaThread "JNA Cleaner"                daemon [_thread_blocked, id=11840, stack(0x000000faf7bd0000,0x000000faf7cd0000) (1024K)]
  0x000000faf6fae9a0 JavaThread "Java indexing"              daemon [_thread_blocked, id=2120, stack(0x000000faf9e70000,0x000000faf9f70000) (1024K)]
  0x000000faf6facf60 JavaThread "Thread-1"                   daemon [_thread_in_native, id=12960, stack(0x000000fafa570000,0x000000fafa670000) (1024K)]
  0x000000faf6fae310 JavaThread "Thread-2"                   daemon [_thread_in_native, id=10500, stack(0x000000fafa670000,0x000000fafa770000) (1024K)]
  0x000000faf6faf030 JavaThread "Thread-3"                   daemon [_thread_in_native, id=15860, stack(0x000000fafa770000,0x000000fafa870000) (1024K)]
  0x000000faf9571ad0 JavaThread "Thread-4"                   daemon [_thread_in_native, id=628, stack(0x000000fafa870000,0x000000fafa970000) (1024K)]
  0x000000faf95727f0 JavaThread "Thread-5"                   daemon [_thread_in_native, id=10424, stack(0x000000fafa970000,0x000000fafaa70000) (1024K)]
  0x000000faf9571440 JavaThread "Thread-6"                   daemon [_thread_in_native, id=4896, stack(0x000000fafaa70000,0x000000fafab70000) (1024K)]
  0x000000faf9572e80 JavaThread "Thread-7"                   daemon [_thread_in_native, id=5360, stack(0x000000fafab70000,0x000000fafac70000) (1024K)]
  0x000000faf9572160 JavaThread "pool-2-thread-1"                   [_thread_blocked, id=2376, stack(0x000000fafac70000,0x000000fafad70000) (1024K)]
  0x000000faf95748c0 JavaThread "WorkspaceEventsHandler"            [_thread_blocked, id=15316, stack(0x000000fafad70000,0x000000fafae70000) (1024K)]
  0x000000faf9574f50 JavaThread "pool-1-thread-1"                   [_thread_blocked, id=1576, stack(0x000000fafae70000,0x000000fafaf70000) (1024K)]
  0x000000faf95776b0 JavaThread "Cleaner-0"                  daemon [_thread_blocked, id=14040, stack(0x000000fafe3e0000,0x000000fafe4e0000) (1024K)]
  0x000000faf9b69a30 JavaThread "Worker-7"                          [_thread_blocked, id=9752, stack(0x000000faf7dd0000,0x000000faf7ed0000) (1024K)]
  0x000000faf9b6ade0 JavaThread "Worker-9"                          [_thread_blocked, id=14672, stack(0x000000fac5000000,0x000000fac5100000) (1024K)]
Total: 33

Other Threads:
  0x000000faf0540980 VMThread "VM Thread"                           [id=9276, stack(0x000000faf06e0000,0x000000faf07e0000) (1024K)]
  0x000000faf04bca00 WatcherThread "VM Periodic Task Thread"        [id=12096, stack(0x000000faf05e0000,0x000000faf06e0000) (1024K)]
  0x000000fadc59cfb0 WorkerThread "GC Thread#0"                     [id=16180, stack(0x000000faebc30000,0x000000faebd30000) (1024K)]
  0x000000faf53e5970 WorkerThread "GC Thread#1"                     [id=8396, stack(0x000000faf5f00000,0x000000faf6000000) (1024K)]
  0x000000faf5b378b0 WorkerThread "GC Thread#2"                     [id=10416, stack(0x000000faf6000000,0x000000faf6100000) (1024K)]
  0x000000faf53e9d40 WorkerThread "GC Thread#3"                     [id=14328, stack(0x000000faf6100000,0x000000faf6200000) (1024K)]
  0x000000faf53ea0e0 WorkerThread "GC Thread#4"                     [id=14120, stack(0x000000faf6200000,0x000000faf6300000) (1024K)]
  0x000000faf53ea480 WorkerThread "GC Thread#5"                     [id=3984, stack(0x000000faf6300000,0x000000faf6400000) (1024K)]
Total: 8

Threads with active compile tasks:
Total: 0

VM state: not at safepoint (normal execution)

VM Mutex/Monitor currently owned by a thread: None

Heap address: 0x0000000080000000, size: 2048 MB, Compressed Oops mode: 32-bit

CDS archive(s) mapped at: [0x000000fa80000000-0x000000fa80ba0000-0x000000fa80ba0000), size 12189696, SharedBaseAddress: 0x000000fa80000000, ArchiveRelocationMode: 1.
Compressed class space mapped at: 0x000000fa81000000-0x000000fac1000000, reserved size: 1073741824
Narrow klass base: 0x000000fa80000000, Narrow klass shift: 0, Narrow klass range: 0x100000000

GC Precious Log:
 CardTable entry size: 512
 CPUs: 6 total, 6 available
 Memory: 16320M
 Large Page Support: Disabled
 NUMA Support: Disabled
 Compressed Oops: Enabled (32-bit)
 Alignments: Space 512K, Generation 512K, Heap 2M
 Heap Min Capacity: 100M
 Heap Initial Capacity: 100M
 Heap Max Capacity: 2G
 Pre-touch: Disabled
 Parallel Workers: 6

Heap:
 PSYoungGen      total 3072K, used 316K [0x00000000d5580000, 0x00000000d5b00000, 0x0000000100000000)
  eden space 2560K, 7% used [0x00000000d5580000,0x00000000d55af0c0,0x00000000d5800000)
  from space 512K, 25% used [0x00000000d5a00000,0x00000000d5a20000,0x00000000d5a80000)
  to   space 512K, 0% used [0x00000000d5a80000,0x00000000d5a80000,0x00000000d5b00000)
 ParOldGen       total 776192K, used 775726K [0x0000000080000000, 0x00000000af600000, 0x00000000d5580000)
  object space 776192K, 99% used [0x0000000080000000,0x00000000af58baa8,0x00000000af600000)
 Metaspace       used 92091K, committed 94016K, reserved 1179648K
  class space    used 9419K, committed 10304K, reserved 1048576K

Card table byte_map: [0x000000faeb820000,0x000000faebc30000] _byte_map_base: 0x000000faeb420000

Marking Bits: (ParMarkBitMap*) 0x00007ff8fd862460
 Begin Bits: [0x000000faebfe0000, 0x000000faedfe0000)
 End Bits:   [0x000000faedfe0000, 0x000000faeffe0000)

Polling page: 0x000000fadbbc0000

Metaspace:

Usage:
  Non-class:     80.73 MB used.
      Class:      9.20 MB used.
       Both:     89.93 MB used.

Virtual space:
  Non-class space:      128.00 MB reserved,      81.75 MB ( 64%) committed,  2 nodes.
      Class space:        1.00 GB reserved,      10.06 MB ( <1%) committed,  1 nodes.
             Both:        1.12 GB reserved,      91.81 MB (  8%) committed. 

Chunk freelists:
   Non-Class:  14.14 MB
       Class:  5.97 MB
        Both:  20.11 MB

MaxMetaspaceSize: unlimited
CompressedClassSpaceSize: 1.00 GB
Initial GC threshold: 21.00 MB
Current GC threshold: 141.19 MB
CDS: on
 - commit_granule_bytes: 65536.
 - commit_granule_words: 8192.
 - virtual_space_node_default_size: 8388608.
 - enlarge_chunks_in_place: 1.
 - use_allocation_guard: 0.


Internal statistics:

num_allocs_failed_limit: 9.
num_arena_births: 1774.
num_arena_deaths: 52.
num_vsnodes_births: 3.
num_vsnodes_deaths: 0.
num_space_committed: 1469.
num_space_uncommitted: 0.
num_chunks_returned_to_freelist: 74.
num_chunks_taken_from_freelist: 6276.
num_chunk_merges: 25.
num_chunk_splits: 3785.
num_chunks_enlarged: 2064.
num_inconsistent_stats: 0.

CodeHeap 'non-profiled nmethods': size=120000Kb used=16019Kb max_used=16019Kb free=103981Kb
 bounds [0x000000fae4110000, 0x000000fae50c0000, 0x000000faeb640000]
CodeHeap 'profiled nmethods': size=120000Kb used=43006Kb max_used=43006Kb free=76993Kb
 bounds [0x000000fadc640000, 0x000000fadf040000, 0x000000fae3b70000]
CodeHeap 'non-nmethods': size=5760Kb used=1526Kb max_used=1649Kb free=4233Kb
 bounds [0x000000fae3b70000, 0x000000fae3de0000, 0x000000fae4110000]
CodeCache: size=245760Kb, used=60551Kb, max_used=60674Kb, free=185207Kb
 total_blobs=18852, nmethods=18007, adapters=747, full_count=0
Compilation: enabled, stopped_count=0, restarted_count=0

Compilation events (20 events):
Event: 28700.227 Thread 0x000000faf05dc000 nmethod 22894 0x000000fadf03d690 code [0x000000fadf03d840, 0x000000fadf03daf8]
Event: 28700.227 Thread 0x000000faf05dc000 22895       3       org.eclipse.jdt.internal.compiler.ClassFile::lambda$4 (10 bytes)
Event: 28700.227 Thread 0x000000faf05dc000 nmethod 22895 0x000000fadf03dc10 code [0x000000fadf03dda0, 0x000000fadf03dee0]
Event: 28700.227 Thread 0x000000faf05dc000 22896       3       java.lang.Thread::getStackTrace (61 bytes)
Event: 28700.227 Thread 0x000000faf055fca0 nmethod 22892 0x000000fae50b3390 code [0x000000fae50b3540, 0x000000fae50b3728]
Event: 28700.227 Thread 0x000000faf055fca0 22897  s!   4       java.io.FileDescriptor::closeAll (163 bytes)
Event: 28700.228 Thread 0x000000faf05dc000 nmethod 22896 0x000000fadf03df90 code [0x000000fadf03e200, 0x000000fadf03ecd8]
Event: 28700.229 Thread 0x000000faf055fca0 nmethod 22897 0x000000fae50b3890 code [0x000000fae50b3a40, 0x000000fae50b3e60]
Event: 28700.645 Thread 0x000000faf05dc000 22898       3       org.eclipse.jdt.core.dom.ASTVisitor::endVisit (1 bytes)
Event: 28700.645 Thread 0x000000faf05dc000 nmethod 22898 0x000000fade25dc90 code [0x000000fade25de20, 0x000000fade25df28]
Event: 28700.645 Thread 0x000000faf05dc000 22899       3       org.eclipse.jdt.core.dom.ASTVisitor::endVisit (1 bytes)
Event: 28700.645 Thread 0x000000faf05dc000 nmethod 22899 0x000000fade25e590 code [0x000000fade25e720, 0x000000fade25e828]
Event: 28700.946 Thread 0x000000faf055fca0 22900       4       org.eclipse.jdt.internal.core.util.Util::isValidFolderNameForPackage (19 bytes)
Event: 28700.947 Thread 0x000000faf055fca0 nmethod 22900 0x000000fae50b4010 code [0x000000fae50b41c0, 0x000000fae50b42c8]
Event: 28813.546 Thread 0x000000faf055fca0 22901   !   4       java.util.concurrent.locks.AbstractQueuedSynchronizer::tryInitializeHead (66 bytes)
Event: 28813.548 Thread 0x000000faf055fca0 nmethod 22901 0x000000fae50b4410 code [0x000000fae50b45a0, 0x000000fae50b4770]
Event: 28843.494 Thread 0x000000faf05dc000 22902       3       java.util.IdentityHashMap::<init> (44 bytes)
Event: 28843.494 Thread 0x000000faf05dc000 nmethod 22902 0x000000fadf03ef90 code [0x000000fadf03f200, 0x000000fadf03fb58]
Event: 28934.117 Thread 0x000000faf055fca0 22903       4       java.util.concurrent.locks.AbstractQueuedSynchronizer$ConditionObject::canReacquire (38 bytes)
Event: 28934.118 Thread 0x000000faf055fca0 nmethod 22903 0x000000fae50b4890 code [0x000000fae50b4a20, 0x000000fae50b4b00]

GC Heap History (20 events):
Event: 3258.783 GC heap before
{Heap before GC invocations=1116 (full 5):
 PSYoungGen      total 3072K, used 2751K [0x00000000d5580000, 0x00000000d5b00000, 0x0000000100000000)
  eden space 2560K, 99% used [0x00000000d5580000,0x00000000d57ffff0,0x00000000d5800000)
  from space 512K, 37% used [0x00000000d5a00000,0x00000000d5a30000,0x00000000d5a80000)
  to   space 512K, 0% used [0x00000000d5a80000,0x00000000d5a80000,0x00000000d5b00000)
 ParOldGen       total 774656K, used 774357K [0x0000000080000000, 0x00000000af480000, 0x00000000d5580000)
  object space 774656K, 99% used [0x0000000080000000,0x00000000af435678,0x00000000af480000)
 Metaspace       used 91994K, committed 93952K, reserved 1179648K
  class space    used 9417K, committed 10304K, reserved 1048576K
}
Event: 3258.785 GC heap after
{Heap after GC invocations=1116 (full 5):
 PSYoungGen      total 3072K, used 256K [0x00000000d5580000, 0x00000000d5b00000, 0x0000000100000000)
  eden space 2560K, 0% used [0x00000000d5580000,0x00000000d5580000,0x00000000d5800000)
  from space 512K, 50% used [0x00000000d5a80000,0x00000000d5ac0000,0x00000000d5b00000)
  to   space 512K, 0% used [0x00000000d5a00000,0x00000000d5a00000,0x00000000d5a80000)
 ParOldGen       total 774656K, used 774389K [0x0000000080000000, 0x00000000af480000, 0x00000000d5580000)
  object space 774656K, 99% used [0x0000000080000000,0x00000000af43d678,0x00000000af480000)
 Metaspace       used 91994K, committed 93952K, reserved 1179648K
  class space    used 9417K, committed 10304K, reserved 1048576K
}
Event: 3258.819 GC heap before
{Heap before GC invocations=1117 (full 5):
 PSYoungGen      total 3072K, used 2816K [0x00000000d5580000, 0x00000000d5b00000, 0x0000000100000000)
  eden space 2560K, 100% used [0x00000000d5580000,0x00000000d5800000,0x00000000d5800000)
  from space 512K, 50% used [0x00000000d5a80000,0x00000000d5ac0000,0x00000000d5b00000)
  to   space 512K, 0% used [0x00000000d5a00000,0x00000000d5a00000,0x00000000d5a80000)
 ParOldGen       total 774656K, used 774389K [0x0000000080000000, 0x00000000af480000, 0x00000000d5580000)
  object space 774656K, 99% used [0x0000000080000000,0x00000000af43d678,0x00000000af480000)
 Metaspace       used 91997K, committed 93952K, reserved 1179648K
  class space    used 9417K, committed 10304K, reserved 1048576K
}
Event: 3258.820 GC heap after
{Heap after GC invocations=1117 (full 5):
 PSYoungGen      total 3072K, used 192K [0x00000000d5580000, 0x00000000d5b00000, 0x0000000100000000)
  eden space 2560K, 0% used [0x00000000d5580000,0x00000000d5580000,0x00000000d5800000)
  from space 512K, 37% used [0x00000000d5a00000,0x00000000d5a30000,0x00000000d5a80000)
  to   space 512K, 0% used [0x00000000d5a80000,0x00000000d5a80000,0x00000000d5b00000)
 ParOldGen       total 774656K, used 774573K [0x0000000080000000, 0x00000000af480000, 0x00000000d5580000)
  object space 774656K, 99% used [0x0000000080000000,0x00000000af46b678,0x00000000af480000)
 Metaspace       used 91997K, committed 93952K, reserved 1179648K
  class space    used 9417K, committed 10304K, reserved 1048576K
}
Event: 3263.351 GC heap before
{Heap before GC invocations=1118 (full 5):
 PSYoungGen      total 3072K, used 2752K [0x00000000d5580000, 0x00000000d5b00000, 0x0000000100000000)
  eden space 2560K, 100% used [0x00000000d5580000,0x00000000d5800000,0x00000000d5800000)
  from space 512K, 37% used [0x00000000d5a00000,0x00000000d5a30000,0x00000000d5a80000)
  to   space 512K, 0% used [0x00000000d5a80000,0x00000000d5a80000,0x00000000d5b00000)
 ParOldGen       total 774656K, used 774573K [0x0000000080000000, 0x00000000af480000, 0x00000000d5580000)
  object space 774656K, 99% used [0x0000000080000000,0x00000000af46b678,0x00000000af480000)
 Metaspace       used 92006K, committed 93952K, reserved 1179648K
  class space    used 9417K, committed 10304K, reserved 1048576K
}
Event: 3263.352 GC heap after
{Heap after GC invocations=1118 (full 5):
 PSYoungGen      total 3072K, used 384K [0x00000000d5580000, 0x00000000d5b00000, 0x0000000100000000)
  eden space 2560K, 0% used [0x00000000d5580000,0x00000000d5580000,0x00000000d5800000)
  from space 512K, 75% used [0x00000000d5a80000,0x00000000d5ae0000,0x00000000d5b00000)
  to   space 512K, 0% used [0x00000000d5a00000,0x00000000d5a00000,0x00000000d5a80000)
 ParOldGen       total 774656K, used 774629K [0x0000000080000000, 0x00000000af480000, 0x00000000d5580000)
  object space 774656K, 99% used [0x0000000080000000,0x00000000af479678,0x00000000af480000)
 Metaspace       used 92006K, committed 93952K, reserved 1179648K
  class space    used 9417K, committed 10304K, reserved 1048576K
}
Event: 3263.385 GC heap before
{Heap before GC invocations=1119 (full 5):
 PSYoungGen      total 3072K, used 2944K [0x00000000d5580000, 0x00000000d5b00000, 0x0000000100000000)
  eden space 2560K, 100% used [0x00000000d5580000,0x00000000d5800000,0x00000000d5800000)
  from space 512K, 75% used [0x00000000d5a80000,0x00000000d5ae0000,0x00000000d5b00000)
  to   space 512K, 0% used [0x00000000d5a00000,0x00000000d5a00000,0x00000000d5a80000)
 ParOldGen       total 774656K, used 774629K [0x0000000080000000, 0x00000000af480000, 0x00000000d5580000)
  object space 774656K, 99% used [0x0000000080000000,0x00000000af479678,0x00000000af480000)
 Metaspace       used 92035K, committed 93952K, reserved 1179648K
  class space    used 9418K, committed 10304K, reserved 1048576K
}
Event: 3263.386 GC heap after
{Heap after GC invocations=1119 (full 5):
 PSYoungGen      total 3072K, used 160K [0x00000000d5580000, 0x00000000d5b00000, 0x0000000100000000)
  eden space 2560K, 0% used [0x00000000d5580000,0x00000000d5580000,0x00000000d5800000)
  from space 512K, 31% used [0x00000000d5a00000,0x00000000d5a28000,0x00000000d5a80000)
  to   space 512K, 0% used [0x00000000d5a80000,0x00000000d5a80000,0x00000000d5b00000)
 ParOldGen       total 775168K, used 774773K [0x0000000080000000, 0x00000000af500000, 0x00000000d5580000)
  object space 775168K, 99% used [0x0000000080000000,0x00000000af49d678,0x00000000af500000)
 Metaspace       used 92035K, committed 93952K, reserved 1179648K
  class space    used 9418K, committed 10304K, reserved 1048576K
}
Event: 3389.441 GC heap before
{Heap before GC invocations=1120 (full 5):
 PSYoungGen      total 3072K, used 2720K [0x00000000d5580000, 0x00000000d5b00000, 0x0000000100000000)
  eden space 2560K, 100% used [0x00000000d5580000,0x00000000d5800000,0x00000000d5800000)
  from space 512K, 31% used [0x00000000d5a00000,0x00000000d5a28000,0x00000000d5a80000)
  to   space 512K, 0% used [0x00000000d5a80000,0x00000000d5a80000,0x00000000d5b00000)
 ParOldGen       total 775168K, used 774773K [0x0000000080000000, 0x00000000af500000, 0x00000000d5580000)
  object space 775168K, 99% used [0x0000000080000000,0x00000000af49d678,0x00000000af500000)
 Metaspace       used 92039K, committed 94016K, reserved 1179648K
  class space    used 9419K, committed 10304K, reserved 1048576K
}
Event: 3389.442 GC heap after
{Heap after GC invocations=1120 (full 5):
 PSYoungGen      total 3072K, used 256K [0x00000000d5580000, 0x00000000d5b00000, 0x0000000100000000)
  eden space 2560K, 0% used [0x00000000d5580000,0x00000000d5580000,0x00000000d5800000)
  from space 512K, 50% used [0x00000000d5a80000,0x00000000d5ac0000,0x00000000d5b00000)
  to   space 512K, 0% used [0x00000000d5a00000,0x00000000d5a00000,0x00000000d5a80000)
 ParOldGen       total 775168K, used 774821K [0x0000000080000000, 0x00000000af500000, 0x00000000d5580000)
  object space 775168K, 99% used [0x0000000080000000,0x00000000af4a9678,0x00000000af500000)
 Metaspace       used 92039K, committed 94016K, reserved 1179648K
  class space    used 9419K, committed 10304K, reserved 1048576K
}
Event: 28699.803 GC heap before
{Heap before GC invocations=1121 (full 5):
 PSYoungGen      total 3072K, used 2816K [0x00000000d5580000, 0x00000000d5b00000, 0x0000000100000000)
  eden space 2560K, 100% used [0x00000000d5580000,0x00000000d5800000,0x00000000d5800000)
  from space 512K, 50% used [0x00000000d5a80000,0x00000000d5ac0000,0x00000000d5b00000)
  to   space 512K, 0% used [0x00000000d5a00000,0x00000000d5a00000,0x00000000d5a80000)
 ParOldGen       total 775168K, used 774821K [0x0000000080000000, 0x00000000af500000, 0x00000000d5580000)
  object space 775168K, 99% used [0x0000000080000000,0x00000000af4a9678,0x00000000af500000)
 Metaspace       used 92081K, committed 94016K, reserved 1179648K
  class space    used 9419K, committed 10304K, reserved 1048576K
}
Event: 28699.822 GC heap after
{Heap after GC invocations=1121 (full 5):
 PSYoungGen      total 3072K, used 288K [0x00000000d5580000, 0x00000000d5b00000, 0x0000000100000000)
  eden space 2560K, 0% used [0x00000000d5580000,0x00000000d5580000,0x00000000d5800000)
  from space 512K, 56% used [0x00000000d5a00000,0x00000000d5a48020,0x00000000d5a80000)
  to   space 512K, 0% used [0x00000000d5a80000,0x00000000d5a80000,0x00000000d5b00000)
 ParOldGen       total 775168K, used 774965K [0x0000000080000000, 0x00000000af500000, 0x00000000d5580000)
  object space 775168K, 99% used [0x0000000080000000,0x00000000af4cd678,0x00000000af500000)
 Metaspace       used 92081K, committed 94016K, reserved 1179648K
  class space    used 9419K, committed 10304K, reserved 1048576K
}
Event: 28700.206 GC heap before
{Heap before GC invocations=1122 (full 5):
 PSYoungGen      total 3072K, used 2847K [0x00000000d5580000, 0x00000000d5b00000, 0x0000000100000000)
  eden space 2560K, 99% used [0x00000000d5580000,0x00000000d57fffb0,0x00000000d5800000)
  from space 512K, 56% used [0x00000000d5a00000,0x00000000d5a48020,0x00000000d5a80000)
  to   space 512K, 0% used [0x00000000d5a80000,0x00000000d5a80000,0x00000000d5b00000)
 ParOldGen       total 775168K, used 774965K [0x0000000080000000, 0x00000000af500000, 0x00000000d5580000)
  object space 775168K, 99% used [0x0000000080000000,0x00000000af4cd678,0x00000000af500000)
 Metaspace       used 92085K, committed 94016K, reserved 1179648K
  class space    used 9419K, committed 10304K, reserved 1048576K
}
Event: 28700.207 GC heap after
{Heap after GC invocations=1122 (full 5):
 PSYoungGen      total 3072K, used 192K [0x00000000d5580000, 0x00000000d5b00000, 0x0000000100000000)
  eden space 2560K, 0% used [0x00000000d5580000,0x00000000d5580000,0x00000000d5800000)
  from space 512K, 37% used [0x00000000d5a80000,0x00000000d5ab0000,0x00000000d5b00000)
  to   space 512K, 0% used [0x00000000d5a00000,0x00000000d5a00000,0x00000000d5a80000)
 ParOldGen       total 775168K, used 775077K [0x0000000080000000, 0x00000000af500000, 0x00000000d5580000)
  object space 775168K, 99% used [0x0000000080000000,0x00000000af4e9698,0x00000000af500000)
 Metaspace       used 92085K, committed 94016K, reserved 1179648K
  class space    used 9419K, committed 10304K, reserved 1048576K
}
Event: 28700.214 GC heap before
{Heap before GC invocations=1123 (full 5):
 PSYoungGen      total 3072K, used 2751K [0x00000000d5580000, 0x00000000d5b00000, 0x0000000100000000)
  eden space 2560K, 99% used [0x00000000d5580000,0x00000000d57ffff8,0x00000000d5800000)
  from space 512K, 37% used [0x00000000d5a80000,0x00000000d5ab0000,0x00000000d5b00000)
  to   space 512K, 0% used [0x00000000d5a00000,0x00000000d5a00000,0x00000000d5a80000)
 ParOldGen       total 775168K, used 775077K [0x0000000080000000, 0x00000000af500000, 0x00000000d5580000)
  object space 775168K, 99% used [0x0000000080000000,0x00000000af4e9698,0x00000000af500000)
 Metaspace       used 92085K, committed 94016K, reserved 1179648K
  class space    used 9419K, committed 10304K, reserved 1048576K
}
Event: 28700.215 GC heap after
{Heap after GC invocations=1123 (full 5):
 PSYoungGen      total 3072K, used 484K [0x00000000d5580000, 0x00000000d5b00000, 0x0000000100000000)
  eden space 2560K, 0% used [0x00000000d5580000,0x00000000d5580000,0x00000000d5800000)
  from space 512K, 94% used [0x00000000d5a00000,0x00000000d5a79210,0x00000000d5a80000)
  to   space 512K, 0% used [0x00000000d5a80000,0x00000000d5a80000,0x00000000d5b00000)
 ParOldGen       total 775168K, used 775141K [0x0000000080000000, 0x00000000af500000, 0x00000000d5580000)
  object space 775168K, 99% used [0x0000000080000000,0x00000000af4f9698,0x00000000af500000)
 Metaspace       used 92085K, committed 94016K, reserved 1179648K
  class space    used 9419K, committed 10304K, reserved 1048576K
}
Event: 28700.221 GC heap before
{Heap before GC invocations=1124 (full 5):
 PSYoungGen      total 3072K, used 3044K [0x00000000d5580000, 0x00000000d5b00000, 0x0000000100000000)
  eden space 2560K, 100% used [0x00000000d5580000,0x00000000d5800000,0x00000000d5800000)
  from space 512K, 94% used [0x00000000d5a00000,0x00000000d5a79210,0x00000000d5a80000)
  to   space 512K, 0% used [0x00000000d5a80000,0x00000000d5a80000,0x00000000d5b00000)
 ParOldGen       total 775168K, used 775141K [0x0000000080000000, 0x00000000af500000, 0x00000000d5580000)
  object space 775168K, 99% used [0x0000000080000000,0x00000000af4f9698,0x00000000af500000)
 Metaspace       used 92089K, committed 94016K, reserved 1179648K
  class space    used 9419K, committed 10304K, reserved 1048576K
}
Event: 28700.223 GC heap after
{Heap after GC invocations=1124 (full 5):
 PSYoungGen      total 3072K, used 420K [0x00000000d5580000, 0x00000000d5b00000, 0x0000000100000000)
  eden space 2560K, 0% used [0x00000000d5580000,0x00000000d5580000,0x00000000d5800000)
  from space 512K, 82% used [0x00000000d5a80000,0x00000000d5ae9210,0x00000000d5b00000)
  to   space 512K, 0% used [0x00000000d5a00000,0x00000000d5a00000,0x00000000d5a80000)
 ParOldGen       total 775680K, used 775582K [0x0000000080000000, 0x00000000af580000, 0x00000000d5580000)
  object space 775680K, 99% used [0x0000000080000000,0x00000000af567aa8,0x00000000af580000)
 Metaspace       used 92089K, committed 94016K, reserved 1179648K
  class space    used 9419K, committed 10304K, reserved 1048576K
}
Event: 28843.491 GC heap before
{Heap before GC invocations=1125 (full 5):
 PSYoungGen      total 3072K, used 2980K [0x00000000d5580000, 0x00000000d5b00000, 0x0000000100000000)
  eden space 2560K, 100% used [0x00000000d5580000,0x00000000d5800000,0x00000000d5800000)
  from space 512K, 82% used [0x00000000d5a80000,0x00000000d5ae9210,0x00000000d5b00000)
  to   space 512K, 0% used [0x00000000d5a00000,0x00000000d5a00000,0x00000000d5a80000)
 ParOldGen       total 775680K, used 775582K [0x0000000080000000, 0x00000000af580000, 0x00000000d5580000)
  object space 775680K, 99% used [0x0000000080000000,0x00000000af567aa8,0x00000000af580000)
 Metaspace       used 92090K, committed 94016K, reserved 1179648K
  class space    used 9419K, committed 10304K, reserved 1048576K
}
Event: 28843.493 GC heap after
{Heap after GC invocations=1125 (full 5):
 PSYoungGen      total 3072K, used 128K [0x00000000d5580000, 0x00000000d5b00000, 0x0000000100000000)
  eden space 2560K, 0% used [0x00000000d5580000,0x00000000d5580000,0x00000000d5800000)
  from space 512K, 25% used [0x00000000d5a00000,0x00000000d5a20000,0x00000000d5a80000)
  to   space 512K, 0% used [0x00000000d5a80000,0x00000000d5a80000,0x00000000d5b00000)
 ParOldGen       total 776192K, used 775726K [0x0000000080000000, 0x00000000af600000, 0x00000000d5580000)
  object space 776192K, 99% used [0x0000000080000000,0x00000000af58baa8,0x00000000af600000)
 Metaspace       used 92090K, committed 94016K, reserved 1179648K
  class space    used 9419K, committed 10304K, reserved 1048576K
}

Dll operation events (12 events):
Event: 0.008 Loaded shared library c:\Users\Admin\.antigravity\extensions\redhat.java-1.51.0-win32-x64\jre\21.0.9-win32-x86_64\bin\java.dll
Event: 0.104 Loaded shared library c:\Users\Admin\.antigravity\extensions\redhat.java-1.51.0-win32-x64\jre\21.0.9-win32-x86_64\bin\zip.dll
Event: 0.141 Loaded shared library C:\Users\Admin\.antigravity\extensions\redhat.java-1.51.0-win32-x64\jre\21.0.9-win32-x86_64\bin\instrument.dll
Event: 0.150 Loaded shared library C:\Users\Admin\.antigravity\extensions\redhat.java-1.51.0-win32-x64\jre\21.0.9-win32-x86_64\bin\net.dll
Event: 0.152 Loaded shared library C:\Users\Admin\.antigravity\extensions\redhat.java-1.51.0-win32-x64\jre\21.0.9-win32-x86_64\bin\nio.dll
Event: 0.155 Loaded shared library C:\Users\Admin\.antigravity\extensions\redhat.java-1.51.0-win32-x64\jre\21.0.9-win32-x86_64\bin\zip.dll
Event: 0.171 Loaded shared library C:\Users\Admin\.antigravity\extensions\redhat.java-1.51.0-win32-x64\jre\21.0.9-win32-x86_64\bin\jimage.dll
Event: 0.314 Loaded shared library c:\Users\Admin\.antigravity\extensions\redhat.java-1.51.0-win32-x64\jre\21.0.9-win32-x86_64\bin\verify.dll
Event: 1.734 Loaded shared library C:\Users\Admin\AppData\Roaming\Antigravity\User\globalStorage\redhat.java\1.51.0\config_win\org.eclipse.equinox.launcher\org.eclipse.equinox.launcher.win32.win32.x86_64_1.2.1400.v20250801-0854\eclipse_11916.dll
Event: 3.074 Loaded shared library C:\Users\Admin\AppData\Local\Temp\jna-63116079\jna4899860910872787452.dll
Event: 166.453 Loaded shared library C:\Users\Admin\.antigravity\extensions\redhat.java-1.51.0-win32-x64\jre\21.0.9-win32-x86_64\bin\sunmscapi.dll
Event: 166.497 Loaded shared library C:\Users\Admin\.antigravity\extensions\redhat.java-1.51.0-win32-x64\jre\21.0.9-win32-x86_64\bin\extnet.dll

Deoptimization events (20 events):
Event: 3258.657 Thread 0x000000faf95748c0 Uncommon trap: trap_request=0xffffffc6 fr.pc=0x000000fae4e4ae64 relative=0x0000000000001bc4
Event: 3258.657 Thread 0x000000faf95748c0 Uncommon trap: reason=bimorphic_or_optimized_type_check action=maybe_recompile pc=0x000000fae4e4ae64 method=org.eclipse.core.internal.dtree.AbstractDataTreeNode.assembleWith([Lorg/eclipse/core/internal/dtree/AbstractDataTreeNode;[Lorg/eclipse/core/interna
Event: 3258.657 Thread 0x000000faf95748c0 DEOPT PACKING pc=0x000000fae4e4ae64 sp=0x000000fafae6e6a0
Event: 3258.657 Thread 0x000000faf95748c0 DEOPT UNPACKING pc=0x000000fae3bc3aa2 sp=0x000000fafae6e650 mode 2
Event: 3258.782 Thread 0x000000faf9b69a30 Uncommon trap: trap_request=0xffffffc6 fr.pc=0x000000fae4e4ae64 relative=0x0000000000001bc4
Event: 3258.782 Thread 0x000000faf9b69a30 Uncommon trap: reason=bimorphic_or_optimized_type_check action=maybe_recompile pc=0x000000fae4e4ae64 method=org.eclipse.core.internal.dtree.AbstractDataTreeNode.assembleWith([Lorg/eclipse/core/internal/dtree/AbstractDataTreeNode;[Lorg/eclipse/core/interna
Event: 3258.782 Thread 0x000000faf9b69a30 DEOPT PACKING pc=0x000000fae4e4ae64 sp=0x000000faf7ece740
Event: 3258.782 Thread 0x000000faf9b69a30 DEOPT UNPACKING pc=0x000000fae3bc3aa2 sp=0x000000faf7ece6f0 mode 2
Event: 3263.215 Thread 0x000000faf95748c0 Uncommon trap: trap_request=0xffffffc6 fr.pc=0x000000fae4e4ae64 relative=0x0000000000001bc4
Event: 3263.215 Thread 0x000000faf95748c0 Uncommon trap: reason=bimorphic_or_optimized_type_check action=maybe_recompile pc=0x000000fae4e4ae64 method=org.eclipse.core.internal.dtree.AbstractDataTreeNode.assembleWith([Lorg/eclipse/core/internal/dtree/AbstractDataTreeNode;[Lorg/eclipse/core/interna
Event: 3263.215 Thread 0x000000faf95748c0 DEOPT PACKING pc=0x000000fae4e4ae64 sp=0x000000fafae6e960
Event: 3263.215 Thread 0x000000faf95748c0 DEOPT UNPACKING pc=0x000000fae3bc3aa2 sp=0x000000fafae6e910 mode 2
Event: 28700.212 Thread 0x000000faf9b69a30 Uncommon trap: trap_request=0xffffff45 fr.pc=0x000000fae4c7a334 relative=0x00000000000009b4
Event: 28700.212 Thread 0x000000faf9b69a30 Uncommon trap: reason=unstable_if action=reinterpret pc=0x000000fae4c7a334 method=org.eclipse.jdt.internal.core.JavaModelCache.putInfo(Lorg/eclipse/jdt/core/IJavaElement;Lorg/eclipse/jdt/internal/compiler/env/IElementInfo;)V @ 6 c2
Event: 28700.212 Thread 0x000000faf9b69a30 DEOPT PACKING pc=0x000000fae4c7a334 sp=0x000000faf7eceaa0
Event: 28700.212 Thread 0x000000faf9b69a30 DEOPT UNPACKING pc=0x000000fae3bc3aa2 sp=0x000000faf7ecea80 mode 2
Event: 28700.216 Thread 0x000000faf9b69a30 Uncommon trap: trap_request=0xffffffc6 fr.pc=0x000000fae4bd0480 relative=0x0000000000000260
Event: 28700.216 Thread 0x000000faf9b69a30 Uncommon trap: reason=bimorphic_or_optimized_type_check action=maybe_recompile pc=0x000000fae4bd0480 method=org.eclipse.jdt.internal.core.util.Util.isExcluded(Lorg/eclipse/jdt/core/IJavaElement;)Z @ 1 c2
Event: 28700.216 Thread 0x000000faf9b69a30 DEOPT PACKING pc=0x000000fae4bd0480 sp=0x000000faf7ecd7c0
Event: 28700.216 Thread 0x000000faf9b69a30 DEOPT UNPACKING pc=0x000000fae3bc3aa2 sp=0x000000faf7ecd750 mode 2

Classes loaded (20 events):
Event: 476.826 Loading class java/util/stream/SliceOps$1$1
Event: 476.826 Loading class java/util/stream/SliceOps$1$1 done
Event: 486.603 Loading class java/util/stream/Nodes$CollectorTask$OfRef
Event: 486.603 Loading class java/util/stream/Nodes$CollectorTask
Event: 486.604 Loading class java/util/stream/Nodes$CollectorTask done
Event: 486.604 Loading class java/util/stream/Nodes$CollectorTask$OfRef done
Event: 486.607 Loading class java/util/function/LongFunction
Event: 486.607 Loading class java/util/function/LongFunction done
Event: 486.607 Loading class java/util/stream/Nodes$ConcNode
Event: 486.607 Loading class java/util/stream/Nodes$AbstractConcNode
Event: 486.608 Loading class java/util/stream/Nodes$AbstractConcNode done
Event: 486.608 Loading class java/util/stream/Nodes$ConcNode done
Event: 486.617 Loading class java/io/ObjectOutputStream$BlockDataOutputStream
Event: 486.618 Loading class java/io/ObjectOutputStream$BlockDataOutputStream done
Event: 486.618 Loading class java/io/ObjectOutputStream$HandleTable
Event: 486.618 Loading class java/io/ObjectOutputStream$HandleTable done
Event: 486.618 Loading class java/io/ObjectOutputStream$ReplaceTable
Event: 486.618 Loading class java/io/ObjectOutputStream$ReplaceTable done
Event: 1262.644 Loading class java/io/Console
Event: 1262.644 Loading class java/io/Console done

Classes unloaded (20 events):
Event: 3.553 Thread 0x000000faf0540980 Unloading class 0x000000fa811a8c00 'java/lang/invoke/LambdaForm$DMH+0x000000fa811a8c00'
Event: 272.333 Thread 0x000000faf0540980 Unloading class 0x000000fa81762800 'java/lang/invoke/LambdaForm$MH+0x000000fa81762800'
Event: 272.333 Thread 0x000000faf0540980 Unloading class 0x000000fa81762000 'java/lang/invoke/LambdaForm$MH+0x000000fa81762000'
Event: 272.333 Thread 0x000000faf0540980 Unloading class 0x000000fa81761400 'java/lang/invoke/LambdaForm$MH+0x000000fa81761400'
Event: 272.333 Thread 0x000000faf0540980 Unloading class 0x000000fa81761000 'java/lang/invoke/LambdaForm$MH+0x000000fa81761000'
Event: 272.333 Thread 0x000000faf0540980 Unloading class 0x000000fa81760400 'java/lang/invoke/LambdaForm$MH+0x000000fa81760400'
Event: 272.333 Thread 0x000000faf0540980 Unloading class 0x000000fa81742800 'java/lang/invoke/LambdaForm$MH+0x000000fa81742800'
Event: 272.333 Thread 0x000000faf0540980 Unloading class 0x000000fa81742400 'java/lang/invoke/LambdaForm$MH+0x000000fa81742400'
Event: 272.333 Thread 0x000000faf0540980 Unloading class 0x000000fa81742000 'java/lang/invoke/LambdaForm$MH+0x000000fa81742000'
Event: 272.333 Thread 0x000000faf0540980 Unloading class 0x000000fa81741800 'java/lang/invoke/LambdaForm$MH+0x000000fa81741800'
Event: 272.333 Thread 0x000000faf0540980 Unloading class 0x000000fa81740c00 'java/lang/invoke/LambdaForm$MH+0x000000fa81740c00'
Event: 272.333 Thread 0x000000faf0540980 Unloading class 0x000000fa81740800 'java/lang/invoke/LambdaForm$MH+0x000000fa81740800'
Event: 272.333 Thread 0x000000faf0540980 Unloading class 0x000000fa81739c00 'java/lang/invoke/LambdaForm$MH+0x000000fa81739c00'
Event: 272.333 Thread 0x000000faf0540980 Unloading class 0x000000fa81739400 'java/lang/invoke/LambdaForm$MH+0x000000fa81739400'
Event: 272.333 Thread 0x000000faf0540980 Unloading class 0x000000fa81739000 'java/lang/invoke/LambdaForm$MH+0x000000fa81739000'
Event: 272.333 Thread 0x000000faf0540980 Unloading class 0x000000fa81738800 'java/lang/invoke/LambdaForm$MH+0x000000fa81738800'
Event: 272.333 Thread 0x000000faf0540980 Unloading class 0x000000fa81738000 'java/lang/invoke/LambdaForm$MH+0x000000fa81738000'
Event: 272.333 Thread 0x000000faf0540980 Unloading class 0x000000fa81734c00 'java/lang/invoke/LambdaForm$MH+0x000000fa81734c00'
Event: 272.333 Thread 0x000000faf0540980 Unloading class 0x000000fa81734800 'java/lang/invoke/LambdaForm$DMH+0x000000fa81734800'
Event: 272.333 Thread 0x000000faf0540980 Unloading class 0x000000fa8172c400 'java/lang/invoke/LambdaForm$DMH+0x000000fa8172c400'

Classes redefined (0 events):
No events

Internal exceptions (20 events):
Event: 1325.299 Thread 0x000000faf6fae9a0 Exception <a 'sun/nio/fs/WindowsException'{0x00000000d5620908}> (0x00000000d5620908) 
thrown [s\src\hotspot\share\prims\jni.cpp, line 520]
Event: 1548.775 Thread 0x000000faf9b69a30 Exception <a 'sun/nio/fs/WindowsException'{0x00000000d5747878}> (0x00000000d5747878) 
thrown [s\src\hotspot\share\prims\jni.cpp, line 520]
Event: 1548.775 Thread 0x000000faf9b69a30 Exception <a 'sun/nio/fs/WindowsException'{0x00000000d5748640}> (0x00000000d5748640) 
thrown [s\src\hotspot\share\prims\jni.cpp, line 520]
Event: 3089.241 Thread 0x000000faf95748c0 Implicit null exception at 0x000000fae449db09 to 0x000000fae449ddb0
Event: 3089.241 Thread 0x000000faf95748c0 Implicit null exception at 0x000000fae4a90160 to 0x000000fae4a909bc
Event: 3169.726 Thread 0x000000faf95755e0 Implicit null exception at 0x000000fae5026395 to 0x000000fae50265a8
Event: 3169.734 Thread 0x000000faf95755e0 Implicit null exception at 0x000000fae4b9f1c0 to 0x000000fae4b9f232
Event: 3169.907 Thread 0x000000faf95755e0 Exception <a 'java/lang/ArrayIndexOutOfBoundsException'{0x00000000d55deec0}> (0x00000000d55deec0) 
thrown [s\src\hotspot\share\runtime\sharedRuntime.cpp, line 625]
Event: 3193.269 Thread 0x000000faf9575c70 Exception <a 'java/lang/ArrayIndexOutOfBoundsException'{0x00000000d56e71a8}> (0x00000000d56e71a8) 
thrown [s\src\hotspot\share\runtime\sharedRuntime.cpp, line 625]
Event: 3231.666 Thread 0x000000faf9b69a30 Exception <a 'sun/nio/fs/WindowsException'{0x00000000d56a4398}> (0x00000000d56a4398) 
thrown [s\src\hotspot\share\prims\jni.cpp, line 520]
Event: 3231.669 Thread 0x000000faf9b69a30 Exception <a 'sun/nio/fs/WindowsException'{0x00000000d56cdf20}> (0x00000000d56cdf20) 
thrown [s\src\hotspot\share\prims\jni.cpp, line 520]
Event: 3231.672 Thread 0x000000faf9b69a30 Exception <a 'sun/nio/fs/WindowsException'{0x00000000d56de3b0}> (0x00000000d56de3b0) 
thrown [s\src\hotspot\share\prims\jni.cpp, line 520]
Event: 3258.258 Thread 0x000000faf9574f50 Exception <a 'java/lang/IncompatibleClassChangeError'{0x00000000d5786980}: Found class java.lang.Object, but interface was expected> (0x00000000d5786980) 
thrown [s\src\hotspot\share\interpreter\linkResolver.cpp, line 840]
Event: 3258.657 Thread 0x000000faf95748c0 Implicit null exception at 0x000000fae50a49b1 to 0x000000fae50a5810
Event: 3258.780 Thread 0x000000faf9b69a30 Exception <a 'sun/nio/fs/WindowsException'{0x00000000d57c79c8}> (0x00000000d57c79c8) 
thrown [s\src\hotspot\share\prims\jni.cpp, line 520]
Event: 3263.359 Thread 0x000000faf9b69a30 Exception <a 'sun/nio/fs/WindowsException'{0x00000000d56b1308}> (0x00000000d56b1308) 
thrown [s\src\hotspot\share\prims\jni.cpp, line 520]
Event: 3263.359 Thread 0x000000faf9b69a30 Exception <a 'sun/nio/fs/WindowsException'{0x00000000d56b2868}> (0x00000000d56b2868) 
thrown [s\src\hotspot\share\prims\jni.cpp, line 520]
Event: 3389.313 Thread 0x000000faf9b69a30 Exception <a 'sun/nio/fs/WindowsException'{0x00000000d56cd250}> (0x00000000d56cd250) 
thrown [s\src\hotspot\share\prims\jni.cpp, line 520]
Event: 3389.313 Thread 0x000000faf9b69a30 Exception <a 'sun/nio/fs/WindowsException'{0x00000000d56ce080}> (0x00000000d56ce080) 
thrown [s\src\hotspot\share\prims\jni.cpp, line 520]
Event: 28699.941 Thread 0x000000faf9576990 Exception <a 'java/lang/ArrayIndexOutOfBoundsException'{0x00000000d571c0c8}> (0x00000000d571c0c8) 
thrown [s\src\hotspot\share\runtime\sharedRuntime.cpp, line 625]

ZGC Phase Switch (0 events):
No events

VM Operations (20 events):
Event: 28700.221 Executing VM operation: ParallelGCFailedAllocation (Allocation Failure)
Event: 28700.223 Executing VM operation: ParallelGCFailedAllocation (Allocation Failure) done
Event: 28728.215 Executing VM operation: HandshakeAllThreads (HandshakeForDeflation)
Event: 28728.215 Executing VM operation: HandshakeAllThreads (HandshakeForDeflation) done
Event: 28728.215 Executing VM operation: RendezvousGCThreads
Event: 28728.215 Executing VM operation: RendezvousGCThreads done
Event: 28843.491 Executing VM operation: ParallelGCFailedAllocation (Allocation Failure)
Event: 28843.493 Executing VM operation: ParallelGCFailedAllocation (Allocation Failure) done
Event: 28848.346 Executing VM operation: HandshakeAllThreads (HandshakeForDeflation)
Event: 28848.347 Executing VM operation: HandshakeAllThreads (HandshakeForDeflation) done
Event: 28848.347 Executing VM operation: RendezvousGCThreads
Event: 28848.347 Executing VM operation: RendezvousGCThreads done
Event: 28908.451 Executing VM operation: HandshakeAllThreads (HandshakeForDeflation)
Event: 28908.451 Executing VM operation: HandshakeAllThreads (HandshakeForDeflation) done
Event: 28908.451 Executing VM operation: RendezvousGCThreads
Event: 28908.451 Executing VM operation: RendezvousGCThreads done
Event: 29088.721 Executing VM operation: HandshakeAllThreads (HandshakeForDeflation)
Event: 29088.721 Executing VM operation: HandshakeAllThreads (HandshakeForDeflation) done
Event: 29088.721 Executing VM operation: RendezvousGCThreads
Event: 29088.721 Executing VM operation: RendezvousGCThreads done

Memory protections (0 events):
No events

Nmethod flushes (20 events):
Event: 291.108 Thread 0x000000faf0540980 flushing  nmethod 0x000000fade7a6410
Event: 291.108 Thread 0x000000faf0540980 flushing  nmethod 0x000000fade7f5e90
Event: 291.108 Thread 0x000000faf0540980 flushing  nmethod 0x000000fade855b10
Event: 291.108 Thread 0x000000faf0540980 flushing  nmethod 0x000000fade85b710
Event: 291.108 Thread 0x000000faf0540980 flushing  nmethod 0x000000fade85cd10
Event: 291.108 Thread 0x000000faf0540980 flushing  nmethod 0x000000fade863690
Event: 291.108 Thread 0x000000faf0540980 flushing  nmethod 0x000000fade871a90
Event: 291.108 Thread 0x000000faf0540980 flushing  nmethod 0x000000fade881b10
Event: 291.108 Thread 0x000000faf0540980 flushing  nmethod 0x000000fade882190
Event: 291.108 Thread 0x000000faf0540980 flushing  nmethod 0x000000fade88dd10
Event: 291.108 Thread 0x000000faf0540980 flushing  nmethod 0x000000fade8a3010
Event: 291.108 Thread 0x000000faf0540980 flushing  nmethod 0x000000fade8b5610
Event: 291.108 Thread 0x000000faf0540980 flushing  nmethod 0x000000fade903590
Event: 291.108 Thread 0x000000faf0540980 flushing  nmethod 0x000000fade919210
Event: 291.108 Thread 0x000000faf0540980 flushing  nmethod 0x000000fade91a990
Event: 291.108 Thread 0x000000faf0540980 flushing  nmethod 0x000000fade91cd90
Event: 291.108 Thread 0x000000faf0540980 flushing  nmethod 0x000000fade91d410
Event: 291.108 Thread 0x000000faf0540980 flushing  nmethod 0x000000fade922d90
Event: 291.108 Thread 0x000000faf0540980 flushing  nmethod 0x000000fade985710
Event: 291.108 Thread 0x000000faf0540980 flushing  nmethod 0x000000fade98a810

Events (20 events):
Event: 3128.398 Thread 0x000000faf9574f50 Thread added: 0x000000faf95755e0
Event: 3133.138 Thread 0x000000faf95755e0 Thread added: 0x000000faf9575c70
Event: 3169.736 Thread 0x000000faf05dc000 Thread added: 0x000000fafdeae240
Event: 3170.119 Thread 0x000000fafdeae240 Thread exited: 0x000000fafdeae240
Event: 3253.465 Thread 0x000000faf95755e0 Thread exited: 0x000000faf95755e0
Event: 3258.780 Thread 0x000000faf9b69a30 Thread added: 0x000000faf95755e0
Event: 3258.781 Thread 0x000000faf95755e0 Thread added: 0x000000faf9576990
Event: 3318.789 Thread 0x000000faf9576990 Thread exited: 0x000000faf9576990
Event: 3322.764 Thread 0x000000faf9575c70 Thread exited: 0x000000faf9575c70
Event: 3378.800 Thread 0x000000faf95755e0 Thread exited: 0x000000faf95755e0
Event: 3389.311 Thread 0x000000faf9b69a30 Thread added: 0x000000faf95755e0
Event: 3389.311 Thread 0x000000faf95755e0 Thread exited: 0x000000faf95755e0
Event: 3389.314 Thread 0x000000faf9b69a30 Thread added: 0x000000faf95755e0
Event: 3389.314 Thread 0x000000faf95755e0 Thread exited: 0x000000faf95755e0
Event: 28699.792 Thread 0x000000faf9574f50 Thread added: 0x000000faf9576990
Event: 28699.797 Thread 0x000000faf9576990 Thread added: 0x000000faf95755e0
Event: 28760.958 Thread 0x000000faf95755e0 Thread exited: 0x000000faf95755e0
Event: 28820.958 Thread 0x000000faf9576990 Thread exited: 0x000000faf9576990
Event: 28843.490 Thread 0x000000faf9574f50 Thread added: 0x000000faf9576990
Event: 28903.503 Thread 0x000000faf9576990 Thread exited: 0x000000faf9576990


Dynamic libraries:
0x00007ff639040000 - 0x00007ff63904e000 	c:\Users\Admin\.antigravity\extensions\redhat.java-1.51.0-win32-x64\jre\21.0.9-win32-x86_64\bin\java.exe
0x00007ff9a1920000 - 0x00007ff9a1b81000 	C:\Windows\SYSTEM32\ntdll.dll
0x00007ff9a0450000 - 0x00007ff9a051a000 	C:\Windows\System32\KERNEL32.DLL
0x00007ff99ed40000 - 0x00007ff99f138000 	C:\Windows\System32\KERNELBASE.dll
0x00007ff99ebe0000 - 0x00007ff99ed2f000 	C:\Windows\System32\ucrtbase.dll
0x00007ff928ce0000 - 0x00007ff928cf8000 	c:\Users\Admin\.antigravity\extensions\redhat.java-1.51.0-win32-x64\jre\21.0.9-win32-x86_64\bin\jli.dll
0x00007ff8ffcc0000 - 0x00007ff8ffcde000 	c:\Users\Admin\.antigravity\extensions\redhat.java-1.51.0-win32-x64\jre\21.0.9-win32-x86_64\bin\VCRUNTIME140.dll
0x00007ff9a0280000 - 0x00007ff9a0447000 	C:\Windows\System32\USER32.dll
0x00007ff99eb30000 - 0x00007ff99eb57000 	C:\Windows\System32\win32u.dll
0x00007ff9a16e0000 - 0x00007ff9a1713000 	C:\Windows\System32\GDI32.dll
0x00007ff99e950000 - 0x00007ff99ea76000 	C:\Windows\System32\gdi32full.dll
0x00007ff99ea80000 - 0x00007ff99eb24000 	C:\Windows\System32\msvcp_win.dll
0x00007ff9a1630000 - 0x00007ff9a16d4000 	C:\Windows\System32\sechost.dll
0x00007ff98a1a0000 - 0x00007ff98a437000 	C:\Windows\WinSxS\amd64_microsoft.windows.common-controls_6595b64144ccf1df_6.0.28000.1199_none_cc861958239efa70\COMCTL32.dll
0x00007ff9a1830000 - 0x00007ff9a18d9000 	C:\Windows\System32\msvcrt.dll
0x00007ff9a1450000 - 0x00007ff9a1480000 	C:\Windows\System32\IMM32.DLL
0x00007ff982490000 - 0x00007ff98249c000 	c:\Users\Admin\.antigravity\extensions\redhat.java-1.51.0-win32-x64\jre\21.0.9-win32-x86_64\bin\vcruntime140_1.dll
0x00007ff8ff9d0000 - 0x00007ff8ffa5d000 	c:\Users\Admin\.antigravity\extensions\redhat.java-1.51.0-win32-x64\jre\21.0.9-win32-x86_64\bin\msvcp140.dll
0x00007ff8fcba0000 - 0x00007ff8fd940000 	c:\Users\Admin\.antigravity\extensions\redhat.java-1.51.0-win32-x64\jre\21.0.9-win32-x86_64\bin\server\jvm.dll
0x00007ff9a0520000 - 0x00007ff9a05d4000 	C:\Windows\System32\ADVAPI32.dll
0x00007ff9a1510000 - 0x00007ff9a162a000 	C:\Windows\System32\RPCRT4.dll
0x00007ff9a08d0000 - 0x00007ff9a0945000 	C:\Windows\System32\WS2_32.dll
0x00007ff99e7c0000 - 0x00007ff99e81f000 	C:\Windows\SYSTEM32\POWRPROF.dll
0x00007ff9929b0000 - 0x00007ff9929e5000 	C:\Windows\SYSTEM32\WINMM.dll
0x00007ff998580000 - 0x00007ff99858b000 	C:\Windows\SYSTEM32\VERSION.dll
0x00007ff99e7a0000 - 0x00007ff99e7ba000 	C:\Windows\SYSTEM32\UMPDC.dll
0x00007ff99d780000 - 0x00007ff99d79b000 	C:\Windows\SYSTEM32\kernel.appcore.dll
0x00007ff97ee80000 - 0x00007ff97ee8a000 	c:\Users\Admin\.antigravity\extensions\redhat.java-1.51.0-win32-x64\jre\21.0.9-win32-x86_64\bin\jimage.dll
0x00007ff98a8b0000 - 0x00007ff98ab82000 	C:\Windows\SYSTEM32\DBGHELP.DLL
0x00007ff9a0950000 - 0x00007ff9a0ccf000 	C:\Windows\System32\combase.dll
0x00007ff9a01a0000 - 0x00007ff9a0278000 	C:\Windows\System32\OLEAUT32.dll
0x00007ff98a060000 - 0x00007ff98a0aa000 	C:\Windows\SYSTEM32\dbgcore.DLL
0x00007ff99f200000 - 0x00007ff99f29f000 	C:\Windows\System32\bcryptPrimitives.dll
0x00007ff97d420000 - 0x00007ff97d42f000 	c:\Users\Admin\.antigravity\extensions\redhat.java-1.51.0-win32-x64\jre\21.0.9-win32-x86_64\bin\instrument.dll
0x00007ff8ffca0000 - 0x00007ff8ffcc0000 	c:\Users\Admin\.antigravity\extensions\redhat.java-1.51.0-win32-x64\jre\21.0.9-win32-x86_64\bin\java.dll
0x00007ff99f850000 - 0x00007ff99ffa3000 	C:\Windows\System32\SHELL32.dll
0x00007ff99f4d0000 - 0x00007ff99f63c000 	C:\Windows\System32\wintypes.dll
0x00007ff99c600000 - 0x00007ff99ce7c000 	C:\Windows\SYSTEM32\windows.storage.dll
0x00007ff99f6b0000 - 0x00007ff99f7a7000 	C:\Windows\System32\SHCORE.dll
0x00007ff99f7b0000 - 0x00007ff99f812000 	C:\Windows\System32\shlwapi.dll
0x00007ff99e870000 - 0x00007ff99e898000 	C:\Windows\SYSTEM32\profapi.dll
0x00007ff8ff960000 - 0x00007ff8ff978000 	c:\Users\Admin\.antigravity\extensions\redhat.java-1.51.0-win32-x64\jre\21.0.9-win32-x86_64\bin\zip.dll
0x00007ff97d2f0000 - 0x00007ff97d300000 	C:\Users\Admin\.antigravity\extensions\redhat.java-1.51.0-win32-x64\jre\21.0.9-win32-x86_64\bin\net.dll
0x00007ff998330000 - 0x00007ff99844c000 	C:\Windows\SYSTEM32\WINHTTP.dll
0x00007ff99f2b0000 - 0x00007ff99f31b000 	C:\Windows\System32\mswsock.dll
0x00007ff8fc9a0000 - 0x00007ff8fc9b6000 	C:\Users\Admin\.antigravity\extensions\redhat.java-1.51.0-win32-x64\jre\21.0.9-win32-x86_64\bin\nio.dll
0x00007ff969120000 - 0x00007ff969130000 	c:\Users\Admin\.antigravity\extensions\redhat.java-1.51.0-win32-x64\jre\21.0.9-win32-x86_64\bin\verify.dll
0x00007ff8ffc50000 - 0x00007ff8ffc94000 	C:\Users\Admin\AppData\Roaming\Antigravity\User\globalStorage\redhat.java\1.51.0\config_win\org.eclipse.equinox.launcher\org.eclipse.equinox.launcher.win32.win32.x86_64_1.2.1400.v20250801-0854\eclipse_11916.dll
0x00007ff9a0d60000 - 0x00007ff9a0ef8000 	C:\Windows\System32\ole32.dll
0x00007ff99df20000 - 0x00007ff99df3a000 	C:\Windows\SYSTEM32\CRYPTSP.dll
0x00007ff99d6e0000 - 0x00007ff99d719000 	C:\Windows\system32\rsaenh.dll
0x00007ff99dd00000 - 0x00007ff99dd2b000 	C:\Windows\SYSTEM32\USERENV.dll
0x00007ff99f320000 - 0x00007ff99f349000 	C:\Windows\System32\bcrypt.dll
0x00007ff99e110000 - 0x00007ff99e11c000 	C:\Windows\SYSTEM32\CRYPTBASE.dll
0x00007ff99d190000 - 0x00007ff99d1c4000 	C:\Windows\SYSTEM32\IPHLPAPI.DLL
0x00007ff9a0110000 - 0x00007ff9a011a000 	C:\Windows\System32\NSI.dll
0x00007ff8fcb50000 - 0x00007ff8fcb99000 	C:\Users\Admin\AppData\Local\Temp\jna-63116079\jna4899860910872787452.dll
0x00007ff9a0120000 - 0x00007ff9a0128000 	C:\Windows\System32\PSAPI.DLL
0x00007ff998560000 - 0x00007ff99857d000 	C:\Windows\SYSTEM32\dhcpcsvc6.DLL
0x00007ff998300000 - 0x00007ff998323000 	C:\Windows\SYSTEM32\dhcpcsvc.DLL
0x00007ff969150000 - 0x00007ff96915e000 	C:\Users\Admin\.antigravity\extensions\redhat.java-1.51.0-win32-x64\jre\21.0.9-win32-x86_64\bin\sunmscapi.dll
0x00007ff99f350000 - 0x00007ff99f4cb000 	C:\Windows\System32\CRYPT32.dll
0x00007ff99e170000 - 0x00007ff99e1a0000 	C:\Windows\SYSTEM32\ncrypt.dll
0x00007ff99e120000 - 0x00007ff99e15f000 	C:\Windows\SYSTEM32\NTASN1.dll
0x00007ff99d220000 - 0x00007ff99d34a000 	C:\Windows\SYSTEM32\DNSAPI.dll
0x00007ff998020000 - 0x00007ff99802b000 	C:\Windows\System32\rasadhlp.dll
0x00007ff997cb0000 - 0x00007ff997d37000 	C:\Windows\System32\fwpuclnt.dll
0x00007ff969140000 - 0x00007ff969149000 	C:\Users\Admin\.antigravity\extensions\redhat.java-1.51.0-win32-x64\jre\21.0.9-win32-x86_64\bin\extnet.dll
0x00007ff99d8c0000 - 0x00007ff99d8f7000 	C:\Windows\SYSTEM32\ntmarta.dll

JVMTI agents:
c:\Users\Admin\.antigravity\extensions\redhat.java-1.51.0-win32-x64\lombok\lombok-1.18.39-4050.jar path:c:\Users\Admin\.antigravity\extensions\redhat.java-1.51.0-win32-x64\jre\21.0.9-win32-x86_64\bin\instrument.dll, loaded, initialized, instrumentlib options:none

dbghelp: loaded successfully - version: 4.0.5 - missing functions: none
symbol engine: initialized successfully - sym options: 0x614 - pdb path: .;c:\Users\Admin\.antigravity\extensions\redhat.java-1.51.0-win32-x64\jre\21.0.9-win32-x86_64\bin;C:\Windows\SYSTEM32;C:\Windows\WinSxS\amd64_microsoft.windows.common-controls_6595b64144ccf1df_6.0.28000.1199_none_cc861958239efa70;c:\Users\Admin\.antigravity\extensions\redhat.java-1.51.0-win32-x64\jre\21.0.9-win32-x86_64\bin\server;C:\Users\Admin\AppData\Roaming\Antigravity\User\globalStorage\redhat.java\1.51.0\config_win\org.eclipse.equinox.launcher\org.eclipse.equinox.launcher.win32.win32.x86_64_1.2.1400.v20250801-0854;C:\Users\Admin\AppData\Local\Temp\jna-63116079

VM Arguments:
jvm_args: --add-modules=ALL-SYSTEM --add-opens=java.base/java.util=ALL-UNNAMED --add-opens=java.base/java.lang=ALL-UNNAMED --add-opens=java.base/sun.nio.fs=ALL-UNNAMED -Declipse.application=org.eclipse.jdt.ls.core.id1 -Dosgi.bundles.defaultStartLevel=4 -Declipse.product=org.eclipse.jdt.ls.core.product -Djava.import.generatesMetadataFilesAtProjectRoot=false -DDetectVMInstallationsJob.disabled=true -Dfile.encoding=utf8 -XX:+UseParallelGC -XX:GCTimeRatio=4 -XX:AdaptiveSizePolicyWeight=90 -Dsun.zip.disableMemoryMapping=true -Xmx2G -Xms100m -Xlog:disable -javaagent:c:\Users\Admin\.antigravity\extensions\redhat.java-1.51.0-win32-x64\lombok\lombok-1.18.39-4050.jar -XX:+HeapDumpOnOutOfMemoryError -XX:HeapDumpPath=c:\Users\Admin\AppData\Roaming\Antigravity\User\workspaceStorage\91f26d696c089fbc9769bfbc123f3ec7\redhat.java -Daether.dependencyCollector.impl=bf 
java_command: c:\Users\Admin\.antigravity\extensions\redhat.java-1.51.0-win32-x64\server\plugins\org.eclipse.equinox.launcher_1.7.100.v20251111-0406.jar -configuration c:\Users\Admin\AppData\Roaming\Antigravity\User\globalStorage\redhat.java\1.51.0\config_win -data c:\Users\Admin\AppData\Roaming\Antigravity\User\workspaceStorage\91f26d696c089fbc9769bfbc123f3ec7\redhat.java\jdt_ws --pipe=\\.\pipe\lsp-4afa23bd4d7dda099f11578512ff67ca-sock
java_class_path (initial): c:\Users\Admin\.antigravity\extensions\redhat.java-1.51.0-win32-x64\server\plugins\org.eclipse.equinox.launcher_1.7.100.v20251111-0406.jar
Launcher Type: SUN_STANDARD

[Global flags]
    uintx AdaptiveSizePolicyWeight                 = 90                                        {product} {command line}
     intx CICompilerCount                          = 3                                         {product} {ergonomic}
    uintx GCTimeRatio                              = 4                                         {product} {command line}
     bool HeapDumpOnOutOfMemoryError               = true                                   {manageable} {command line}
    ccstr HeapDumpPath                             = c:\Users\Admin\AppData\Roaming\Antigravity\User\workspaceStorage\91f26d696c089fbc9769bfbc123f3ec7\redhat.java         {manageable} {command line}
   size_t InitialHeapSize                          = 104857600                                 {product} {command line}
   size_t MaxHeapSize                              = 2147483648                                {product} {command line}
   size_t MaxNewSize                               = 715653120                                 {product} {ergonomic}
   size_t MinHeapDeltaBytes                        = 524288                                    {product} {ergonomic}
   size_t MinHeapSize                              = 104857600                                 {product} {command line}
   size_t NewSize                                  = 34603008                                  {product} {ergonomic}
    uintx NonNMethodCodeHeapSize                   = 5832780                                {pd product} {ergonomic}
    uintx NonProfiledCodeHeapSize                  = 122912730                              {pd product} {ergonomic}
   size_t OldSize                                  = 70254592                                  {product} {ergonomic}
    uintx ProfiledCodeHeapSize                     = 122912730                              {pd product} {ergonomic}
    uintx ReservedCodeCacheSize                    = 251658240                              {pd product} {ergonomic}
     bool SegmentedCodeCache                       = true                                      {product} {ergonomic}
   size_t SoftMaxHeapSize                          = 2147483648                             {manageable} {ergonomic}
     bool UseCompressedOops                        = true                           {product lp64_product} {ergonomic}
     bool UseLargePagesIndividualAllocation        = false                                  {pd product} {ergonomic}
     bool UseParallelGC                            = true                                      {product} {command line}

Logging:
Log output configuration:
 #0: stdout all=off uptime,level,tags foldmultilines=false
 #1: stderr all=off uptime,level,tags foldmultilines=false

Release file:
JAVA_VERSION="21.0.9" 
MODULES="java.base java.compiler java.datatransfer java.xml java.prefs java.desktop java.instrument java.logging java.management java.security.sasl java.naming java.rmi java.management.rmi java.net.http java.scripting java.security.jgss java.transaction.xa java.sql java.sql.rowset java.xml.crypto java.se java.smartcardio jdk.accessibility jdk.internal.jvmstat jdk.attach jdk.charsets jdk.internal.opt jdk.zipfs jdk.compiler jdk.crypto.ec jdk.crypto.cryptoki jdk.crypto.mscapi jdk.dynalink jdk.internal.ed jdk.editpad jdk.hotspot.agent jdk.httpserver jdk.internal.le jdk.internal.vm.ci jdk.internal.vm.compiler jdk.internal.vm.compiler.management jdk.jartool jdk.javadoc jdk.jcmd jdk.management jdk.management.agent jdk.jconsole jdk.jdeps jdk.jdwp.agent jdk.jdi jdk.jfr jdk.jshell jdk.jsobject jdk.jstatd jdk.localedata jdk.management.jfr jdk.naming.dns jdk.naming.rmi jdk.net jdk.nio.mapmode jdk.random jdk.sctp jdk.security.auth jdk.security.jgss jdk.unsupported jdk.unsupported.desktop jdk.xml.dom" 

Environment Variables:
PATH=C:\Program Files\Common Files\Oracle\Java\javapath;C:\Windows\system32;C:\Windows;C:\Windows\System32\Wbem;C:\Windows\System32\WindowsPowerShell\v1.0\;C:\Windows\System32\OpenSSH\;C:\Users\Admin\AppData\Local\nvm;C:\nvm4w\nodejs;C:\Program Files\NVIDIA Corporation\NVIDIA App\NvDLISR;C:\Program Files (x86)\NVIDIA Corporation\PhysX\Common;C:\Program Files\Git\cmd;C:\Program Files\cursor\resources\app\bin;C:\Program Files\Java\jdk-25.0.2\bin;C:\Program Files\apache-maven-3.9.12\bin;C:\Users\Admin\AppData\Local\Microsoft\WindowsApps;C:\Users\Admin\AppData\Local\nvm;C:\nvm4w\nodejs;C:\Users\Admin\AppData\Local\Programs\Antigravity\bin
USERNAME=Admin
OS=Windows_NT
PROCESSOR_IDENTIFIER=Intel64 Family 6 Model 158 Stepping 13, GenuineIntel
TMP=C:\Users\Admin\AppData\Local\Temp
TEMP=C:\Users\Admin\AppData\Local\Temp




Periodic native trim disabled

---------------  S Y S T E M  ---------------

OS:
 Windows 11 , 64 bit Build 28000 (10.0.28000.1199)
OS uptime: 0 days 8:15 hours

CPU: total 6 (initial active 6) (6 cores per cpu, 1 threads per core) family 6 model 158 stepping 13 microcode 0xfc, cx8, cmov, fxsr, mmx, 3dnowpref, sse, sse2, sse3, ssse3, sse4.1, sse4.2, popcnt, lzcnt, tsc, tscinvbit, avx, avx2, aes, erms, clmul, bmi1, bmi2, adx, fma, vzeroupper, clflush, clflushopt, rdtscp, f16c
Processor Information for the first 6 processors :
  Max Mhz: 2904, Current Mhz: 2904, Mhz Limit: 2904

Memory: 4k page, system-wide physical 16320M (1272M free)
TotalPageFile size 20416M (AvailPageFile size 5M)
current process WorkingSet (physical memory assigned to process): 480M, peak: 1083M
current process commit charge ("private bytes"): 1134M, peak: 1135M

vm_info: OpenJDK 64-Bit Server VM (21.0.9+10-LTS) for windows-amd64 JRE (21.0.9+10-LTS), built on 2025-10-21T00:00:00Z by "admin" with unknown MS VC++:1942

END.
