#
# There is insufficient memory for the Java Runtime Environment to continue.
# Native memory allocation (mmap) failed to map 268435456 bytes. Error detail: G1 virtual space
# Possible reasons:
#   The system is out of physical RAM or swap space
#   This process is running with CompressedOops enabled, and the Java Heap may be blocking the growth of the native heap
# Possible solutions:
#   Reduce memory load on the system
#   Increase physical memory or swap space
#   Check if swap backing store is full
#   Decrease Java heap size (-Xmx/-Xms)
#   Decrease number of Java threads
#   Decrease Java thread stack sizes (-Xss)
#   Set larger code cache with -XX:ReservedCodeCacheSize=
#   JVM is running with Zero Based Compressed Oops mode in which the Java heap is
#     placed in the first 32GB address space. The Java Heap base address is the
#     maximum limit for the native heap growth. Please use -XX:HeapBaseMinAddress
#     to set the Java Heap base and to place the Java Heap above 32GB virtual address.
# This output file may be truncated or incomplete.
#
#  Out of Memory Error (os_windows.cpp:3554), pid=21612, tid=20800
#
# JRE version:  (25.0.2+10) (build )
# Java VM: Java HotSpot(TM) 64-Bit Server VM (25.0.2+10-LTS-69, mixed mode, emulated-client, sharing, tiered, compressed oops, compressed class ptrs, g1 gc, windows-amd64)
# No core dump will be written. Minidumps are not enabled by default on client versions of Windows
#

---------------  S U M M A R Y ------------

Command Line: -Dquarkus-internal.serialized-app-model.path=F:\IsengProject\ticketing-api\target\quarkus\bootstrap\dev-app-model.dat -javaagent:C:\Users\Admin\.m2\repository\io\quarkus\quarkus-class-change-agent\3.30.8\quarkus-class-change-agent-3.30.8.jar -XX:TieredStopAtLevel=1 -agentlib:jdwp=transport=dt_socket,address=localhost:5005,server=y,suspend=n --add-opens=java.base/java.lang=ALL-UNNAMED -Djava.util.logging.manager=org.jboss.logmanager.LogManager F:\IsengProject\ticketing-api\target\ticketing-api-dev.jar

Host: Intel(R) Core(TM) i5-9400F CPU @ 2.90GHz, 6 cores, 15G,  Windows 11 , 64 bit Build 28000 (10.0.28000.1199)
Time: Fri Feb  6 15:37:49 2026 SE Asia Standard Time elapsed time: 0.059721 seconds (0d 0h 0m 0s)

---------------  T H R E A D  ---------------

Current thread (0x000000f55de754c0):  JavaThread "Unknown thread" [_thread_in_vm, id=20800, stack(0x000000f55e240000,0x000000f55e340000) (1024K)]

Stack: [0x000000f55e240000,0x000000f55e340000]
Native frames: (J=compiled Java code, j=interpreted, Vv=VM code, C=native code)
V  [jvm.dll+0x7a70f9]  (no source info available)
V  [jvm.dll+0x772d6d]  (no source info available)
V  [jvm.dll+0x965d53]  (no source info available)
V  [jvm.dll+0x968351]  (no source info available)
V  [jvm.dll+0x968a63]  (no source info available)
V  [jvm.dll+0x2fc846]  (no source info available)
V  [jvm.dll+0x7a3325]  (no source info available)
V  [jvm.dll+0x796737]  (no source info available)
V  [jvm.dll+0x3f4988]  (no source info available)
V  [jvm.dll+0x3fc8d6]  (no source info available)
V  [jvm.dll+0x3e8f7e]  (no source info available)
V  [jvm.dll+0x3e9238]  (no source info available)
V  [jvm.dll+0x3c0145]  (no source info available)
V  [jvm.dll+0x3c0dce]  (no source info available)
V  [jvm.dll+0x92cdf7]  (no source info available)
V  [jvm.dll+0x458f02]  (no source info available)
V  [jvm.dll+0x9107a2]  (no source info available)
V  [jvm.dll+0x4f9331]  (no source info available)
V  [jvm.dll+0x4fabc1]  (no source info available)
C  [jli.dll+0x543e]  (no source info available)
C  [ucrtbase.dll+0x27930]  (no source info available)
C  [KERNEL32.DLL+0x35c07]  (no source info available)
C  [ntdll.dll+0x79cc0]  (no source info available)

Lock stack of current Java thread (top to bottom):


---------------  P R O C E S S  ---------------

Threads class SMR info:
_java_thread_list=0x00007ff82f685388, length=0, elements={
}

Java Threads: ( => current thread )
Total: 0

Other Threads:
  0x000000f55e3f3d60 WorkerThread "GC Thread#0"                     [id=21688, stack(0x000000f566510000,0x000000f566610000) (1024K)]
  0x000000f55e40dbc0 ConcurrentGCThread "G1 Main Marker"            [id=1236, stack(0x000000f566610000,0x000000f566710000) (1024K)]
  0x000000f55e40ef00 WorkerThread "G1 Conc#0"                       [id=19680, stack(0x000000f566710000,0x000000f566810000) (1024K)]

[error occurred during error reporting (printing all threads), id 0xc0000005, EXCEPTION_ACCESS_VIOLATION (0xc0000005) at pc=0x00007ff82ed64f1a]
VM state: not at safepoint (not fully initialized)

VM Mutex/Monitor currently owned by a thread:  ([mutex/lock_event])
[0x00007ff82f709768] Heap_lock - owner thread: 0x000000f55de754c0

Heap address: 0x0000000700e00000, size: 4082 MB, Compressed Oops mode: Zero based, Oop shift amount: 3

CDS archive(s) mapped at: [0x0000000000000000-0x0000000000000000-0x0000000000000000), size 0, SharedBaseAddress: 0x0000000800000000, ArchiveRelocationMode: 1.
UseCompressedClassPointers 1, UseCompactObjectHeaders 0
Narrow klass pointer bits 32, Max shift 3
Narrow klass base: 0xffffffffffffffff, Narrow klass shift: -1
Encoding Range: [0xffffffffffffffff - 0x000000007fffffff), (2147483648 bytes)
Klass Range:    [0x0000000000000000 - 0x0000000000000000), (0 bytes)
Klass ID Range:  [4294967295 - 0) (1)
No protection zone.

GC Precious Log:
 CardTable entry size: 512
 Card Set container configuration: InlinePtr #cards 4 size 8 Array Of Cards #cards 16 size 48 Howl #buckets 8 coarsen threshold 3686 Howl Bitmap #cards 512 size 80 coarsen threshold 460 Card regions per heap region 1 cards per card region 4096

Heap:
 garbage-first heap   total reserved 4179968K, committed 0K, used 0K [0x0000000700e00000, 0x0000000800000000)
  region size 2048K, 0 young (0K), 0 survivors (0K)

Heap Regions: E=young(eden), S=young(survivor), O=old, HS=humongous(starts), HC=humongous(continues), CS=collection set, F=free, TAMS=top-at-mark-start, PB=parsable bottom

Card table byte_map: [0x000000f561cb0000,0x000000f5624b0000] _byte_map_base: 0x000000f55e4a9000

Marking Bits: (CMBitMap*) 0x000000f55e3f44f0
 Bits: [0x000000f5624b0000, 0x000000f566478000)

GC Heap Usage History (0 events):
No events

Metaspace Usage History (0 events):
No events

Dll operation events (1 events):
Event: 0.018 Loaded shared library C:\Program Files\Java\jdk-25.0.2\bin\java.dll

Deoptimization events (0 events):
No events

Classes loaded (0 events):
No events

Classes unloaded (0 events):
No events

Classes redefined (0 events):
No events

Internal exceptions (0 events):
No events

VM Operations (0 events):
No events

Memory protections (0 events):
No events

Nmethod flushes (0 events):
No events

Events (0 events):
No events


Dynamic libraries:
0x00007ff7b4a80000 - 0x00007ff7b4a90000 	C:\Program Files\Java\jdk-25.0.2\bin\java.exe
0x00007ff8fd580000 - 0x00007ff8fd7e1000 	C:\Windows\SYSTEM32\ntdll.dll
0x00007ff8fcbd0000 - 0x00007ff8fcc9a000 	C:\Windows\System32\KERNEL32.DLL
0x00007ff8fa9b0000 - 0x00007ff8fada8000 	C:\Windows\System32\KERNELBASE.dll
0x00007ff8fadb0000 - 0x00007ff8faeff000 	C:\Windows\System32\ucrtbase.dll
0x00007ff8ca5d0000 - 0x00007ff8ca5ee000 	C:\Program Files\Java\jdk-25.0.2\bin\VCRUNTIME140.dll
0x00007ff8d6540000 - 0x00007ff8d6557000 	C:\Program Files\Java\jdk-25.0.2\bin\jli.dll
0x00007ff8fd210000 - 0x00007ff8fd3d7000 	C:\Windows\System32\USER32.dll
0x00007ff8e2ef0000 - 0x00007ff8e3187000 	C:\Windows\WinSxS\amd64_microsoft.windows.common-controls_6595b64144ccf1df_6.0.28000.1199_none_cc861958239efa70\COMCTL32.dll
0x00007ff8fa5b0000 - 0x00007ff8fa5d7000 	C:\Windows\System32\win32u.dll
0x00007ff8fcd70000 - 0x00007ff8fce19000 	C:\Windows\System32\msvcrt.dll
0x00007ff8fce20000 - 0x00007ff8fce53000 	C:\Windows\System32\GDI32.dll
0x00007ff8fb0c0000 - 0x00007ff8fb1e6000 	C:\Windows\System32\gdi32full.dll
0x00007ff8fb1f0000 - 0x00007ff8fb294000 	C:\Windows\System32\msvcp_win.dll
0x00007ff8fccc0000 - 0x00007ff8fcd64000 	C:\Windows\System32\sechost.dll
0x00007ff8fc010000 - 0x00007ff8fc040000 	C:\Windows\System32\IMM32.DLL
0x00007ff8d8460000 - 0x00007ff8d846c000 	C:\Program Files\Java\jdk-25.0.2\bin\vcruntime140_1.dll
0x00007ff89ca80000 - 0x00007ff89cb0d000 	C:\Program Files\Java\jdk-25.0.2\bin\msvcp140.dll
0x00007ff82e990000 - 0x00007ff82f7ef000 	C:\Program Files\Java\jdk-25.0.2\bin\server\jvm.dll
0x00007ff8fd020000 - 0x00007ff8fd0d4000 	C:\Windows\System32\ADVAPI32.dll
0x00007ff8fc460000 - 0x00007ff8fc57a000 	C:\Windows\System32\RPCRT4.dll
0x00007ff8fd160000 - 0x00007ff8fd1d5000 	C:\Windows\System32\WS2_32.dll
0x00007ff8fa420000 - 0x00007ff8fa47f000 	C:\Windows\SYSTEM32\POWRPROF.dll
0x00007ff8efa80000 - 0x00007ff8efab5000 	C:\Windows\SYSTEM32\WINMM.dll
0x00007ff8f4520000 - 0x00007ff8f452b000 	C:\Windows\SYSTEM32\VERSION.dll
0x00007ff8fa400000 - 0x00007ff8fa41a000 	C:\Windows\SYSTEM32\UMPDC.dll
0x00007ff8f93a0000 - 0x00007ff8f93bb000 	C:\Windows\SYSTEM32\kernel.appcore.dll
0x00007ff8d8330000 - 0x00007ff8d833a000 	C:\Program Files\Java\jdk-25.0.2\bin\jimage.dll
0x00007ff8e4a90000 - 0x00007ff8e4d62000 	C:\Windows\SYSTEM32\DBGHELP.DLL
0x00007ff8fc0d0000 - 0x00007ff8fc44f000 	C:\Windows\System32\combase.dll
0x00007ff8fd3e0000 - 0x00007ff8fd4b8000 	C:\Windows\System32\OLEAUT32.dll
0x00007ff8e2e50000 - 0x00007ff8e2e9a000 	C:\Windows\SYSTEM32\dbgcore.DLL
0x00007ff8fa760000 - 0x00007ff8fa7ff000 	C:\Windows\System32\bcryptPrimitives.dll
0x00007ff8ca1a0000 - 0x00007ff8ca1b0000 	C:\Program Files\Java\jdk-25.0.2\bin\instrument.dll
0x00007ff8ca5b0000 - 0x00007ff8ca5cf000 	C:\Program Files\Java\jdk-25.0.2\bin\java.dll
0x00007ff8fb530000 - 0x00007ff8fb6c8000 	C:\Windows\System32\ole32.dll
0x00007ff8fb6d0000 - 0x00007ff8fbe23000 	C:\Windows\System32\SHELL32.dll
0x00007ff8fa810000 - 0x00007ff8fa97c000 	C:\Windows\System32\wintypes.dll
0x00007ff8c7c00000 - 0x00007ff8c7c3d000 	C:\Program Files\Java\jdk-25.0.2\bin\jdwp.dll

JVMTI agents:
C:\Users\Admin\.m2\repository\io\quarkus\quarkus-class-change-agent\3.30.8\quarkus-class-change-agent-3.30.8.jar path:none, loaded, not initialized, instrumentlib options:none
jdwp path:none, loaded, not initialized, options:transport=dt_socket,address=localhost:5005,server=y,suspend=n

dbghelp: loaded successfully - version: 4.0.5 - missing functions: none
symbol engine: initialized successfully - sym options: 0x614 - pdb path: .;C:\Program Files\Java\jdk-25.0.2\bin;C:\Windows\SYSTEM32;C:\Windows\WinSxS\amd64_microsoft.windows.common-controls_6595b64144ccf1df_6.0.28000.1199_none_cc861958239efa70;C:\Program Files\Java\jdk-25.0.2\bin\server

VM Arguments:
jvm_args: -Dquarkus-internal.serialized-app-model.path=F:\IsengProject\ticketing-api\target\quarkus\bootstrap\dev-app-model.dat -javaagent:C:\Users\Admin\.m2\repository\io\quarkus\quarkus-class-change-agent\3.30.8\quarkus-class-change-agent-3.30.8.jar -XX:TieredStopAtLevel=1 -agentlib:jdwp=transport=dt_socket,address=localhost:5005,server=y,suspend=n --add-opens=java.base/java.lang=ALL-UNNAMED -Djava.util.logging.manager=org.jboss.logmanager.LogManager 
java_command: F:\IsengProject\ticketing-api\target\ticketing-api-dev.jar
java_class_path (initial): F:\IsengProject\ticketing-api\target\ticketing-api-dev.jar
Launcher Type: SUN_STANDARD

[Global flags]
     intx CICompilerCount                          = 3                                         {product} {ergonomic}
     uint ConcGCThreads                            = 2                                         {product} {ergonomic}
     uint G1ConcRefinementThreads                  = 6                                         {product} {ergonomic}
   size_t G1HeapRegionSize                         = 2097152                                   {product} {ergonomic}
   size_t InitialHeapSize                          = 268435456                                 {product} {ergonomic}
   size_t MarkStackSize                            = 4194304                                   {product} {ergonomic}
   size_t MarkStackSizeMax                         = 536870912                                 {product} {ergonomic}
   size_t MaxHeapSize                              = 4280287232                                {product} {ergonomic}
   size_t MinHeapDeltaBytes                        = 2097152                                   {product} {ergonomic}
   size_t MinHeapSize                              = 8388608                                   {product} {ergonomic}
    uintx NonNMethodCodeHeapSize                   = 4096                                   {pd product} {ergonomic}
    uintx NonProfiledCodeHeapSize                  = 0                                      {pd product} {ergonomic}
     bool ProfileInterpreter                       = false                                  {pd product} {command line}
    uintx ProfiledCodeHeapSize                     = 0                                      {pd product} {ergonomic}
   size_t SoftMaxHeapSize                          = 4280287232                             {manageable} {ergonomic}
     intx TieredStopAtLevel                        = 1                                         {product} {command line}
     bool UseCompressedOops                        = true                           {product lp64_product} {ergonomic}
     bool UseG1GC                                  = true                                      {product} {ergonomic}
     bool UseLargePagesIndividualAllocation        = false                                  {pd product} {ergonomic}

Logging:
Log output configuration:
 #0: stdout all=warning uptime,level,tags foldmultilines=false
 #1: stderr all=off uptime,level,tags foldmultilines=false

Release file:
<release file has not been read>
Environment Variables:
PATH=C:\Program Files\Common Files\Oracle\Java\javapath;C:\Windows\system32;C:\Windows;C:\Windows\System32\Wbem;C:\Windows\System32\WindowsPowerShell\v1.0\;C:\Windows\System32\OpenSSH\;C:\Users\Admin\AppData\Local\nvm;C:\nvm4w\nodejs;C:\Program Files\NVIDIA Corporation\NVIDIA App\NvDLISR;C:\Program Files (x86)\NVIDIA Corporation\PhysX\Common;C:\Program Files\Git\cmd;C:\Program Files\cursor\resources\app\bin;C:\Program Files\Java\jdk-25.0.2\bin;C:\Program Files\apache-maven-3.9.12\bin;;C:\Program Files\Docker\Docker\resources\bin;C:\Users\Admin\AppData\Local\Microsoft\WindowsApps;C:\Users\Admin\AppData\Local\nvm;C:\nvm4w\nodejs;C:\Users\Admin\AppData\Local\Programs\Antigravity\bin;c:\Users\Admin\.antigravity\extensions\vscjava.vscode-java-debug-0.58.5-universal\bundled\scripts\noConfigScripts
USERNAME=Admin
LANG=en_US.UTF-8
OS=Windows_NT
PROCESSOR_IDENTIFIER=Intel64 Family 6 Model 158 Stepping 13, GenuineIntel
TMP=C:\Users\Admin\AppData\Local\Temp
TEMP=C:\Users\Admin\AppData\Local\Temp




Compilation memory statistics disabled.

Periodic native trim disabled

---------------  S Y S T E M  ---------------

OS:
 Windows 11 , 64 bit Build 28000 (10.0.28000.1199)
OS uptime: 0 days 1:23 hours
Hyper-V role detected

CPU: total 6 (initial active 6) (6 cores per cpu, 1 threads per core) family 6 model 158 stepping 13 microcode 0xfc, cx8, cmov, fxsr, mmx, 3dnowpref, sse, sse2, sse3, ssse3, sse4.1, sse4.2, popcnt, lzcnt, tsc, tscinvbit, avx, avx2, aes, erms, clmul, bmi1, bmi2, adx, fma, vzeroupper, clflush, clflushopt, hv, rdtscp, f16c
Processor Information for the first 6 processors :
  Max Mhz: 2904, Current Mhz: 2904, Mhz Limit: 2904

Memory: 4k page, system-wide physical 16320M (598M free)
TotalPageFile size 20416M (AvailPageFile size 90M)
current process WorkingSet (physical memory assigned to process): 14M, peak: 14M
current process commit charge ("private bytes"): 52M, peak: 307M

vm_info: Java HotSpot(TM) 64-Bit Server VM (25.0.2+10-LTS-69) for windows-amd64 JRE (25.0.2+10-LTS-69), built on 2025-12-18T11:36:35Z with MS VC++ 17.13 (VS2022)

END.
